{"level":"info","message":"Server running on port 4500","timestamp":"2026-02-27T22:51:17.267Z"}
{"level":"info","message":"Server running on port 4500","timestamp":"2026-02-27T22:51:58.640Z"}
{"level":"info","message":"Server running on port 4500","timestamp":"2026-02-27T23:18:50.011Z"}
{"level":"info","message":"Server running on port 4500","timestamp":"2026-02-27T23:29:31.417Z"}
{"level":"info","message":"GET /","timestamp":"2026-02-27T23:32:04.423Z"}
{"level":"info","message":"GET /api","timestamp":"2026-02-27T23:32:15.538Z"}
{"level":"info","message":"POST /api/auth/signup","timestamp":"2026-02-27T23:34:48.980Z"}
{"level":"info","message":"POST /api/auth/signup","timestamp":"2026-02-27T23:38:34.401Z"}
{"level":"info","message":"Server running on port 4500","timestamp":"2026-02-27T23:48:25.018Z"}
{"level":"info","message":"POST /api/auth/signup","timestamp":"2026-02-27T23:48:34.142Z"}
{"level":"info","message":"Server running on port 4500","timestamp":"2026-02-27T23:56:02.321Z"}
{"level":"info","message":"POST /api/auth/signup","timestamp":"2026-02-27T23:56:07.303Z"}
{"level":"info","message":"POST /api/auth/signup","timestamp":"2026-02-27T23:56:08.428Z"}
{"level":"info","message":"Server running on port 4500","timestamp":"2026-02-27T23:58:09.179Z"}
{"level":"info","message":"POST /api/auth/signup","timestamp":"2026-02-27T23:58:28.262Z"}
{"level":"info","message":"Server running on port 4500","timestamp":"2026-02-28T00:00:02.969Z"}
{"level":"info","message":"POST /api/auth/signup","timestamp":"2026-02-28T00:00:05.657Z"}
{"level":"info","message":"POST /api/auth/signup","timestamp":"2026-02-28T00:02:54.747Z"}
{"level":"info","message":"Server running on port 4500","timestamp":"2026-02-28T00:05:30.341Z"}
{"level":"info","message":"POST /api/auth/signup","timestamp":"2026-02-28T00:05:42.713Z"}
{"level":"info","message":"Server running on port 4500","timestamp":"2026-02-28T00:10:40.070Z"}
{"level":"info","message":"POST /api/auth/signup","timestamp":"2026-02-28T00:10:43.545Z"}
{"level":"info","message":"POST /api/auth/signup","timestamp":"2026-02-28T00:10:45.470Z"}
{"level":"info","message":"Server running on port 4500","timestamp":"2026-02-28T00:12:48.134Z"}
{"level":"info","message":"POST /api/auth/signup","timestamp":"2026-02-28T00:12:59.895Z"}
{"level":"info","message":"Server running on port 4500","timestamp":"2026-02-28T00:13:49.857Z"}
{"level":"info","message":"POST /api/auth/login","timestamp":"2026-02-28T00:16:07.108Z"}
{"level":"info","message":"Server running on port 4500","timestamp":"2026-02-28T00:18:55.831Z"}
{"level":"info","message":"POST /api/auth/signup","timestamp":"2026-02-28T00:18:59.646Z"}
{"level":"info","message":"Server running on port 4500","timestamp":"2026-02-28T00:19:13.910Z"}
{"level":"info","message":"POST /api/auth/signup","timestamp":"2026-02-28T00:19:16.406Z"}
{"level":"info","message":"Server running on port 4500","timestamp":"2026-02-28T00:23:22.130Z"}
{"level":"info","message":"Server running on port 4500","timestamp":"2026-02-28T00:23:57.678Z"}
{"level":"info","message":"POST /api/auth/login","timestamp":"2026-02-28T00:24:11.348Z"}
{"level":"info","message":"Server running on port 4500","timestamp":"2026-02-28T00:32:54.870Z"}
{"level":"info","message":"POST /api/auth/login","timestamp":"2026-02-28T00:32:57.829Z"}
{"level":"error","message":"user is not defined","timestamp":"2026-02-28T00:32:57.830Z"}
{"level":"info","message":"Server running on port 4500","timestamp":"2026-02-28T00:33:33.575Z"}
{"level":"info","message":"POST /api/auth/login","timestamp":"2026-02-28T00:33:37.059Z"}
{"level":"info","message":"Server running on port 4500","timestamp":"2026-02-28T00:34:53.883Z"}
{"level":"info","message":"Server running on port 4500","timestamp":"2026-02-28T00:36:51.147Z"}
{"level":"info","message":"Server running on port 4500","timestamp":"2026-02-28T00:40:32.794Z"}
{"level":"info","message":"Server running on port 4500","timestamp":"2026-02-28T00:45:46.605Z"}
{"level":"info","message":"POST /api/auth/signup","timestamp":"2026-02-28T00:46:13.305Z"}
{"level":"info","message":"POST /api/auth/login","timestamp":"2026-02-28T00:46:17.183Z"}
{"level":"info","message":"Server running on port 4500","timestamp":"2026-02-28T00:49:06.111Z"}
{"level":"info","message":"POST /api/auth/login","timestamp":"2026-02-28T00:49:10.602Z"}
{"level":"info","message":"Server running on port 4500","timestamp":"2026-02-28T00:49:23.302Z"}
{"level":"info","message":"POST /api/auth/login","timestamp":"2026-02-28T00:49:28.902Z"}
{"level":"info","message":"POST /api/auth/signup","timestamp":"2026-02-28T00:49:37.087Z"}
{"level":"info","message":"POST /api/auth/login","timestamp":"2026-02-28T00:49:40.323Z"}
{"level":"info","message":"Server running on port 4500","timestamp":"2026-02-28T00:49:49.434Z"}
{"level":"info","message":"POST /api/auth/signup","timestamp":"2026-02-28T00:49:53.942Z"}
{"level":"info","message":"POST /api/auth/login","timestamp":"2026-02-28T00:49:57.144Z"}
{"level":"info","message":"Server running on port 4500","timestamp":"2026-02-28T00:50:39.500Z"}
{"level":"info","message":"POST /api/auth/signup","timestamp":"2026-02-28T00:50:46.646Z"}
{"level":"info","message":"POST /api/auth/login","timestamp":"2026-02-28T00:50:50.844Z"}
{"level":"info","message":"GET /api/users","timestamp":"2026-02-28T00:51:32.612Z"}
{"level":"info","message":"GET /api/users","timestamp":"2026-02-28T00:52:02.931Z"}
{"level":"info","message":"GET /api/users","timestamp":"2026-02-28T00:52:09.273Z"}
{"level":"info","message":"POST /api/auth/signup","timestamp":"2026-02-28T00:52:12.965Z"}
{"level":"info","message":"POST /api/auth/login","timestamp":"2026-02-28T00:52:21.700Z"}
{"level":"info","message":"GET /api/users","timestamp":"2026-02-28T00:52:41.359Z"}
{"level":"info","message":"GET /api/users/1c9536c7-2d4f-4655-815c-2cfcf1b230d1","timestamp":"2026-02-28T00:54:35.279Z"}
{"level":"info","message":"GET /api/users","timestamp":"2026-02-28T00:58:36.814Z"}
{"level":"info","message":"GET /api/users/fffd8cd9-7857-481e-8a77-a0f70b7af9ba1","timestamp":"2026-02-28T00:58:55.248Z"}
{"level":"info","message":"POST /api/auth/login","timestamp":"2026-02-28T00:59:09.959Z"}
{"level":"info","message":"GET /api/users/fffd8cd9-7857-481e-8a77-a0f70b7af9ba1","timestamp":"2026-02-28T00:59:30.829Z"}
{"level":"info","message":"PUT /api/users/fffd8cd9-7857-481e-8a77-a0f70b7af9ba1","timestamp":"2026-02-28T01:01:00.317Z"}
{"level":"info","message":"Server running on port 4500","timestamp":"2026-02-28T01:02:57.077Z"}
{"level":"info","message":"PUT /api/users/fffd8cd9-7857-481e-8a77-a0f70b7af9ba1","timestamp":"2026-02-28T01:03:01.009Z"}
{"level":"info","message":"GET /api/users","timestamp":"2026-02-28T01:09:19.860Z"}
{"level":"info","message":"POST /api/auth/login","timestamp":"2026-02-28T01:09:31.492Z"}
{"level":"info","message":"POST /api/auth/signup","timestamp":"2026-02-28T01:09:36.264Z"}
{"level":"info","message":"POST /api/auth/login","timestamp":"2026-02-28T01:09:41.092Z"}
{"level":"info","message":"GET /api/users","timestamp":"2026-02-28T01:09:56.987Z"}
{"level":"info","message":"GET /api/users","timestamp":"2026-02-28T01:10:04.001Z"}
{"level":"info","message":"GET /api/users","timestamp":"2026-02-28T01:10:21.795Z"}
{"level":"info","message":"PUT /api/users/87ff7cc3-9c4e-4c61-9c92-14842ca039b4","timestamp":"2026-02-28T01:10:42.461Z"}
{"level":"info","message":"GET /api/users/10a3bd4c-d005-46eb-80f6-7daf2d872dca","timestamp":"2026-02-28T01:13:05.746Z"}
{"level":"info","message":"DELETE /api/users/10a3bd4c-d005-46eb-80f6-7daf2d872dca","timestamp":"2026-02-28T01:13:23.511Z"}
{"level":"info","message":"Server running on port 4500","timestamp":"2026-02-28T01:15:25.493Z"}
{"level":"info","message":"POST /api/auth/signup","timestamp":"2026-02-28T01:15:34.075Z"}
{"level":"info","message":"POST /api/auth/login","timestamp":"2026-02-28T01:15:41.216Z"}
{"level":"info","message":"GET /api/users","timestamp":"2026-02-28T01:15:58.037Z"}
{"level":"info","message":"GET /api/users","timestamp":"2026-02-28T01:16:18.527Z"}
{"level":"info","message":"PUT /api/users/293f803f-5d8c-40ef-bc0d-c0645f239ef2","timestamp":"2026-02-28T01:17:02.569Z"}
{"level":"info","message":"DELETE /api/users/10a3bd4c-d005-46eb-80f6-7daf2d872dca","timestamp":"2026-02-28T01:17:32.837Z"}
{"level":"info","message":"DELETE /api/users/10a3bd4c-d005-46eb-80f6-7daf2d872dca","timestamp":"2026-02-28T01:18:08.505Z"}
{"level":"info","message":"POST /api/auth/signup","timestamp":"2026-02-28T01:18:17.774Z"}
{"level":"info","message":"POST /api/auth/login","timestamp":"2026-02-28T01:18:21.435Z"}
{"level":"info","message":"GET /api/users","timestamp":"2026-02-28T01:18:32.911Z"}
{"level":"info","message":"PUT /api/users/293f803f-5d8c-40ef-bc0d-c0645f239ef2","timestamp":"2026-02-28T01:19:14.961Z"}
{"level":"info","message":"DELETE /api/users/1c9536c7-2d4f-4655-815c-2cfcf1b230d1","timestamp":"2026-02-28T01:20:00.561Z"}
{"level":"info","message":"Server running on port 4500","timestamp":"2026-02-28T01:20:38.069Z"}
{"level":"info","message":"DELETE /api/users/1c9536c7-2d4f-4655-815c-2cfcf1b230d1","timestamp":"2026-02-28T01:20:52.883Z"}
{"level":"info","message":"Server running on port 4500","timestamp":"2026-02-28T01:26:31.300Z"}
{"level":"info","message":"DELETE /api/users/1c9536c7-2d4f-4655-815c-2cfcf1b230d1","timestamp":"2026-02-28T01:26:34.577Z"}
{"level":"info","message":"POST /api/auth/signup","timestamp":"2026-02-28T01:26:40.355Z"}
{"level":"info","message":"POST /api/auth/login","timestamp":"2026-02-28T01:26:45.394Z"}
{"level":"info","message":"GET /api/users","timestamp":"2026-02-28T01:27:10.586Z"}
{"level":"info","message":"GET /api/users","timestamp":"2026-02-28T01:27:17.237Z"}
{"level":"info","message":"GET /api/users","timestamp":"2026-02-28T01:28:06.475Z"}
{"level":"info","message":"PUT /api/users/dab51e21-eb16-4f33-9d3d-d8a8684fdbfa","timestamp":"2026-02-28T01:28:41.070Z"}
{"level":"info","message":"DELETE /api/users/10a3bd4c-d005-46eb-80f6-7daf2d872dca","timestamp":"2026-02-28T01:29:19.689Z"}
{"level":"info","message":"DELETE /api/users/10a3bd4c-d005-46eb-80f6-7daf2d872dca","timestamp":"2026-02-28T01:29:37.721Z"}
{"level":"info","message":"Server running on port 4500","timestamp":"2026-02-28T01:30:01.850Z"}
{"level":"info","message":"DELETE /api/users/10a3bd4c-d005-46eb-80f6-7daf2d872dca","timestamp":"2026-02-28T01:30:06.056Z"}
{"level":"info","message":"GET /api/auth/me","timestamp":"2026-02-28T01:30:45.706Z"}
{"level":"info","message":"GET /api/auth/me","timestamp":"2026-02-28T01:31:08.472Z"}
{"level":"info","message":"GET /api/auth/reset","timestamp":"2026-02-28T01:31:26.235Z"}
{"level":"info","message":"POST /api/auth/reset","timestamp":"2026-02-28T01:35:41.773Z"}
{"level":"info","message":"POST /api/auth/reset","timestamp":"2026-02-28T01:37:00.266Z"}
{"level":"info","message":"POST /api/auth/login","timestamp":"2026-02-28T01:37:35.609Z"}
{"level":"info","message":"POST /api/auth/signup","timestamp":"2026-02-28T01:37:45.598Z"}
{"level":"info","message":"POST /api/auth/login","timestamp":"2026-02-28T01:37:51.325Z"}
{"level":"info","message":"POST /api/auth/reset","timestamp":"2026-02-28T01:38:04.636Z"}
{"level":"info","message":"POST /api/auth/reset","timestamp":"2026-02-28T01:38:14.089Z"}
{"level":"info","message":"GET /api","timestamp":"2026-02-28T01:42:17.130Z"}
{"level":"info","message":"GET /endpoints.html","timestamp":"2026-02-28T01:47:06.037Z"}
{"level":"info","message":"GET /.well-known/appspecific/com.chrome.devtools.json","timestamp":"2026-02-28T01:47:06.054Z"}
{"level":"info","message":"Server running on port 4500","timestamp":"2026-02-28T01:51:31.931Z"}
{"level":"info","message":"Server running on port 4500","timestamp":"2026-02-28T01:51:56.877Z"}
{"level":"info","message":"Server running on port 4500","timestamp":"2026-02-28T01:52:03.315Z"}
{"level":"info","message":"Server running on port 4500","timestamp":"2026-02-28T01:53:12.989Z"}
{"level":"info","message":"Server running on port 4500","timestamp":"2026-02-28T01:54:40.733Z"}
{"level":"info","message":"Server running on port 4500","timestamp":"2026-02-28T01:54:55.359Z"}
{"level":"info","message":"GET /api","timestamp":"2026-02-28T01:55:04.913Z"}
{"level":"info","message":"GET /.well-known/appspecific/com.chrome.devtools.json","timestamp":"2026-02-28T01:55:04.931Z"}
{"level":"info","message":"GET /.well-known/appspecific/com.chrome.devtools.json","timestamp":"2026-02-28T01:57:50.477Z"}
{"level":"info","message":"GET /.well-known/appspecific/com.chrome.devtools.json","timestamp":"2026-02-28T01:57:50.480Z"}
{"level":"info","message":"Server running on port 4500","timestamp":"2026-02-28T02:15:22.716Z"}
{"level":"info","message":"Server running on port 4500","timestamp":"2026-02-28T02:21:35.130Z"}
{"level":"info","message":"Server running on port 4500","timestamp":"2026-02-28T02:23:22.489Z"}
{"level":"info","message":"Server running on port 4500","timestamp":"2026-02-28T02:24:20.912Z"}
{"level":"info","message":"Server running on port 4500","timestamp":"2026-02-28T02:24:45.739Z"}
{"level":"info","message":"Server running on port 4500","timestamp":"2026-02-28T02:29:56.072Z"}
{"level":"info","message":"Server running on port 4500","timestamp":"2026-02-28T02:30:07.547Z"}
